// Jest Snapshot v1, https://goo.gl/fbAQLP

exports[`server utils minify css 1`] = `".hljs{margin-left:-15px;margin-right:-15px;border:1px solid #eee;border-radius:6px;padding:15px;font-size:15px;max-width:50rem}.hljs.javascript{background-color:rgba(247,223,30,.03)}.hljs .comment{opacity:.7}"`;

exports[`server utils minify css 2`] = `[Error: Unexpected "space" found.]`;
