// Jest Snapshot v1, https://goo.gl/fbAQLP

exports[`transform md images to <img /> 1`] = `
"![img](https://example.com/img.png)

<img  src={require(\\"!url-loader!./img.png\\").default}  />

<img alt={\\"img\\"} src={require(\\"!url-loader!./img.png\\").default}  />

<img alt={\\"img\\"} src={require(\\"!url-loader!./img.png\\").default} title={\\"Title\\"} /> ![img](/img.png)

## Heading

\`\`\`md
![img](./img.png)
\`\`\`

<img alt={\\"img\\"} src={require(\\"!url-loader!./img.png\\").default}  />
"
`;
