// Jest Snapshot v1, https://goo.gl/fbAQLP

exports[`loadSidebars sidebars with known sidebar item type 1`] = `
Object {
  "docs": Array [
    Object {
      "items": Array [
        Object {
          "id": "foo/bar",
          "type": "doc",
        },
        Object {
          "id": "foo/baz",
          "type": "doc",
        },
        Object {
          "href": "https://github.com",
          "label": "Github",
          "type": "link",
        },
        Object {
          "id": "hello",
          "type": "ref",
        },
      ],
      "label": "Test",
      "type": "category",
    },
    Object {
      "items": Array [
        Object {
          "id": "hello",
          "type": "doc",
        },
      ],
      "label": "Guides",
      "type": "category",
    },
  ],
}
`;
