// Jest Snapshot v1, https://goo.gl/fbAQLP

exports[`transformAsset plugin fail if asset does not exist 1`] = `"Asset packages/docusaurus-mdx-loader/src/remark/transformAssets/__tests__/fixtures/doesNotExist.pdf used in packages/docusaurus-mdx-loader/src/remark/transformAssets/__tests__/fixtures/fail.md not found."`;

exports[`transformAsset plugin fail if asset url is absent 1`] = `"Markdown link url is mandatory. filePath=packages/docusaurus-mdx-loader/src/remark/transformAssets/__tests__/fixtures/noUrl.md"`;

exports[`transformAsset plugin pathname protocol 1`] = `
"[asset](/asset/unchecked.pdf)
"
`;

exports[`transformAsset plugin transform md links to <a /> 1`] = `
"[asset](https://example.com/asset.pdf)

<a  target=\\"_blank\\" href={require('./asset.pdf').default}  ></a>

<a  target=\\"_blank\\" href={require('./asset.pdf').default}  >asset</a>

[asset](asset.pdf \\"Title\\") ![seet](asset)

## Heading

\`\`\`md
[asset](./asset.pdf)
\`\`\`

<a  target=\\"_blank\\" href={require('!file-loader!./asset.pdf').default}  >assets</a>

[assets](/github/!file-loader!/assets.pdf)

[asset](asset.pdf)
"
`;
